./large/CEUTrio.HiSeq.WGS.b37.NA12878.20.21.bam
./org/broadinstitute/hellbender/utils/haplotype/HaplotypeBAMWriter/expected/testBAM.bam
./org/broadinstitute/hellbender/utils/SequenceDictionaryUtils/test.sorted.bam
./org/broadinstitute/hellbender/utils/SequenceDictionaryUtils/test2.sorted.bam
./org/broadinstitute/hellbender/engine/reads_data_source_test3.bam
./org/broadinstitute/hellbender/engine/reads_data_source_test2.bam
./org/broadinstitute/hellbender/engine/reads_data_source_test1.bam
./org/broadinstitute/hellbender/engine/unindexed.bam
./org/broadinstitute/hellbender/tools/expected.clippingReadsTest.withRG.hg19.X_CCCCC.bam
./org/broadinstitute/hellbender/tools/spark/pipelines/FlagStatSpark/flag_stat.bam
./org/broadinstitute/hellbender/tools/exome/exome-read-counts-NA12778.bam
./org/broadinstitute/hellbender/tools/exome/dupReadsMini.bam
./org/broadinstitute/hellbender/tools/exome/exome-read-counts-NA12872.bam
./org/broadinstitute/hellbender/tools/exome/exome-read-counts-NA12878.bam
./org/broadinstitute/hellbender/tools/print_reads.sorted.chr1_1.bam
./org/broadinstitute/hellbender/tools/BQSR/expected.HiSeq.1mb.1RG.2k_lines.bqsr.alternate.bam
./org/broadinstitute/hellbender/tools/BQSR/expected.HiSeq.1mb.1RG.2k_lines.highMaxCycle.qq-1.bam
./org/broadinstitute/hellbender/tools/BQSR/expected.NA12878.chr17_69k_70k.dictFix.recalibrated.bam
./org/broadinstitute/hellbender/tools/BQSR/expected.HiSeq.1mb.1RG.2k_lines.highMaxCycle.DIQ.bam
./org/broadinstitute/hellbender/tools/BQSR/expected.HiSeq.1mb.1RG.2k_lines.bqsr.DIQ.alternate_allaligned.bam
./org/broadinstitute/hellbender/tools/BQSR/na.bam
./org/broadinstitute/hellbender/tools/BQSR/expected.HiSeq.1mb.1RG.2k_lines.bqsr.qq-1.alternate.bam
./org/broadinstitute/hellbender/tools/BQSR/expected.HiSeq.1mb.1RG.2k_lines.highMaxCycle.qq6.bam
./org/broadinstitute/hellbender/tools/BQSR/CEUTrio.HiSeq.WGS.b37.ch20.1m-1m1k.NA12878.bam
./org/broadinstitute/hellbender/tools/BQSR/expected.CEUTrio.HiSeq.WGS.b37.ch20.1m-1m1k.NA12878.recalibrated.bam
./org/broadinstitute/hellbender/tools/BQSR/expected.na.bam
./org/broadinstitute/hellbender/tools/BQSR/expected.HiSeq.1mb.1RG.2k_lines.bqsr.DIQ.alternate.bam
./org/broadinstitute/hellbender/tools/BQSR/CEUTrio.HiSeq.WGS.b37.ch20.4379150-4379157.bam
./org/broadinstitute/hellbender/tools/BQSR/HiSeq.1mb.1RG.2k_lines.bam
./org/broadinstitute/hellbender/tools/BQSR/HiSeq.1mb.1RG.2k_lines.alternate.bam
./org/broadinstitute/hellbender/tools/BQSR/expected.HiSeq.1mb.1RG.2k_lines.bqsr.qq-1.bam
./org/broadinstitute/hellbender/tools/BQSR/solid.bam
./org/broadinstitute/hellbender/tools/BQSR/NA12878.chr17_69k_70k.dictFix.bam
./org/broadinstitute/hellbender/tools/BQSR/HiSeq.1mb.1RG.2k_lines.alternate_allaligned.bam
./org/broadinstitute/hellbender/tools/BQSR/expected.HiSeq.1mb.1RG.2k_lines.bqsr.qq6.bam
./org/broadinstitute/hellbender/tools/BQSR/expected.HiSeq.1mb.1RG.2k_lines.bqsr.bam
./org/broadinstitute/hellbender/tools/BQSR/expected.HiSeq.1mb.1RG.2k_lines.bqsr.qq-1.alternate_allaligned.bam
./org/broadinstitute/hellbender/tools/BQSR/expected.HiSeq.1mb.1RG.2k_lines.bqsr.qq6.alternate_allaligned.bam
./org/broadinstitute/hellbender/tools/BQSR/expected.HiSeq.1mb.1RG.2k_lines.bqsr.alternate_allaligned.bam
./org/broadinstitute/hellbender/tools/BQSR/expected.HiSeq.1mb.1RG.2k_lines.bqsr.qq6.alternate.bam
./org/broadinstitute/hellbender/tools/BQSR/expected.HiSeq.1mb.1RG.2k_lines.bqsr.DIQ.bam
./org/broadinstitute/hellbender/tools/BQSR/originalQuals.1kg.chr1.1-1K.1RG.dictFix.bam
./org/broadinstitute/hellbender/tools/expected.clippingReadsTest.withRG.hg19.CT_15.bam
./org/broadinstitute/hellbender/tools/flag_stat.bam
./org/broadinstitute/hellbender/tools/expected.clippingReadsTest.withRG.hg19.QT_10.bam
./org/broadinstitute/hellbender/tools/split_reads_missing_lib.bam
./org/broadinstitute/hellbender/tools/print_reads.sorted.bam
./org/broadinstitute/hellbender/tools/expected.clippingReadsTest.withRG.hg19.CT_15_1115.bam
./org/broadinstitute/hellbender/tools/expected.clippingReadsTest.withRG.hg19.QT_20.bam
./org/broadinstitute/hellbender/tools/originalQuals.chr1.1-1K.bam
./org/broadinstitute/hellbender/tools/expected.clippingReadsTest.withRG.hg19.QT_10_CT_15_X_CCCCC_XF.bam
./org/broadinstitute/hellbender/tools/read_consumes_zero_ref_bases.bam
./org/broadinstitute/hellbender/tools/expected.clippingReadsTest.withRG.hg19.QT_2.bam
./org/broadinstitute/hellbender/tools/count_reads_sorted.bam
./org/broadinstitute/hellbender/tools/split_reads.bam
./org/broadinstitute/hellbender/tools/expected.clippingReadsTest.withRG.hg19.QT_10_CR_WRITE_NS.bam
./org/broadinstitute/hellbender/tools/add_comments_to_bam.bam
./org/broadinstitute/hellbender/tools/expected.clippingReadsTest.withRG.hg19.QT_0.bam
./org/broadinstitute/hellbender/tools/count_bases.bam
./org/broadinstitute/hellbender/tools/expected.clippingReadsTest.withRG.hg19.XF.bam
./org/broadinstitute/hellbender/tools/expected.originalQuals.chr1.1-1K.bam.QT_10_CT_15_X_CCCCC.bam
./org/broadinstitute/hellbender/tools/clippingReadsTest.withRG.hg19.bam
./org/broadinstitute/hellbender/tools/count_reads.bam
./org/broadinstitute/hellbender/tools/expected.clippingReadsTest.withRG.hg19.QT_10_CR_WRITE_Q0S.bam
./org/broadinstitute/hellbender/tools/picard/sam/ReplaceSamHeader/samBam.bam
./org/broadinstitute/hellbender/tools/picard/sam/ReplaceSamHeader/samSam.bam
./org/broadinstitute/hellbender/tools/picard/sam/ReplaceSamHeader/first10.bam
./org/broadinstitute/hellbender/tools/picard/sam/ReplaceSamHeader/file2.bam
./org/broadinstitute/hellbender/tools/picard/sam/MarkDuplicates/example.chr1.1-1K.unmarkedDups.noDups.bam
./org/broadinstitute/hellbender/tools/picard/sam/MarkDuplicates/optical_dupes.bam
./org/broadinstitute/hellbender/tools/picard/sam/MarkDuplicates/markDups.test2reads.bam
./org/broadinstitute/hellbender/tools/picard/sam/MarkDuplicates/optical_dupes_casava.bam
./org/broadinstitute/hellbender/tools/picard/sam/MarkDuplicates/example.chr1.1-1K.markedDups.bam
./org/broadinstitute/hellbender/tools/picard/sam/MarkDuplicates/example.chr1.1-1K.unmarkedDups.bam
./org/broadinstitute/hellbender/tools/picard/sam/CalculateReadGroupChecksum/first5000a.bam
./org/broadinstitute/hellbender/tools/picard/sam/GatherBamFiles/indchr6.bam
./org/broadinstitute/hellbender/tools/picard/sam/GatherBamFiles/orig.bam
./org/broadinstitute/hellbender/tools/picard/sam/GatherBamFiles/indchr5.bam
./org/broadinstitute/hellbender/tools/picard/sam/GatherBamFiles/indchr7.bam
./org/broadinstitute/hellbender/tools/picard/sam/GatherBamFiles/indchr8.bam
./org/broadinstitute/hellbender/tools/picard/sam/GatherBamFiles/indchr1.bam
./org/broadinstitute/hellbender/tools/picard/sam/GatherBamFiles/indchr3.bam
./org/broadinstitute/hellbender/tools/picard/sam/GatherBamFiles/indchr2.bam
./org/broadinstitute/hellbender/tools/picard/sam/GatherBamFiles/indUnknownChrom.bam
./org/broadinstitute/hellbender/tools/picard/sam/GatherBamFiles/indchr4.bam
./org/broadinstitute/hellbender/tools/picard/sam/FilterReads/all_aligned.bam
./org/broadinstitute/hellbender/tools/picard/sam/FilterReads/mixed_aligned.bam
./org/broadinstitute/hellbender/tools/picard/sam/FilterReads/unmapped.bam
./org/broadinstitute/hellbender/tools/picard/sam/CompareSAMs/NA12878.chr17_69k_70k.dictFix.bam
./org/broadinstitute/hellbender/tools/picard/sam/SamFormatConverterTest/unmapped.bam
./org/broadinstitute/hellbender/tools/picard/analysis/QualityScoreDistribution/example_pfFail_reads.bam
./org/broadinstitute/hellbender/tools/picard/analysis/QualityScoreDistribution/originalQuals.chr1.1-1K.bam
./org/broadinstitute/hellbender/tools/picard/analysis/QualityScoreDistribution/first5000a.bam
./org/broadinstitute/hellbender/tools/picard/analysis/QualityScoreDistribution/unmapped.bam
./org/broadinstitute/hellbender/tools/picard/analysis/directed/CollectTargetedPcrMetrics/microbam.bam
./org/broadinstitute/hellbender/tools/picard/analysis/directed/CollectJumpingLibraryMetrics/first5000a.bam
./org/broadinstitute/hellbender/tools/picard/analysis/CollectBaseDistributionByCycle/example_pfFail_reads.bam
./org/broadinstitute/hellbender/tools/picard/analysis/CollectBaseDistributionByCycle/originalQuals.chr1.1-1K.bam
./org/broadinstitute/hellbender/tools/picard/analysis/CollectBaseDistributionByCycle/first5000a.bam
./org/broadinstitute/hellbender/tools/picard/analysis/CollectBaseDistributionByCycle/unmapped.bam
./org/broadinstitute/hellbender/tools/picard/analysis/MeanQualityByCycle/example_pfFail_reads.bam
./org/broadinstitute/hellbender/tools/picard/analysis/MeanQualityByCycle/first5000a.bam
./org/broadinstitute/hellbender/tools/picard/analysis/MeanQualityByCycle/unmapped.bam
./org/broadinstitute/hellbender/tools/print_reads.bam
./org/broadinstitute/hellbender/tools/expected.clippingReadsTest.withRG.hg19.QT_10_CR_SOFTCLIP_BASES.bam
